MC6809 Assembler, Copyright (C) GMV 1989-1998
File: Exercice3TP1.lst
                      1. * TD3ex2
                      2. * Calculs du nombre de majuscule, minuscule et chiffre dans un message
                      3. * delimité avec la valeur $00
9F00                  4. 	ORG $9F00
     A010             5. NBMaj		 EQU $A010
     A011             6. NBMin		 EQU $A011
     A012             7. NBChiffre	 EQU $A012
                      8. 
9F00 5F               9. 	CLRB
                     10. 
9F01 F7 A0 12        11. 	STB 	NBChiffre
9F04 F7 A0 10        12. 	STB 	NBMaj
9F07 F7 A0 11        13. 	STB 	NBMin
9F0A 8E 9F C0        14. 	LDX 	#msg
9F0D A6 80           15. Bcl	LDA 	,X+
9F0F 81 00           16. 	CMPA 	#$00
9F11 10 27 00 C3     17. 	LBEQ 	FIN
                     18. 
9F15 10 8E A0 12     19. 	LDY 	#NBChiffre
9F19 81 30           20. 	CMPA 	#$30
9F1B 2D F0           21. 	BLT 	Bcl
9F1D 81 39           22. 	CMPA 	#$39
9F1F 2F 1A           23. 	BLE 	modCompteur
                     24. 
9F21 10 8E A0 10     25. 	LDY 	#NBMaj
9F25 81 41           26. 	CMPA 	#$41
9F27 2D E4           27. 	BLT 	Bcl
9F29 81 5B           28. 	CMPA 	#$5B
9F2B 2D 0E           29. 	BLT 	modCompteur
                     30. 
9F2D 10 8E A0 11     31. 	LDY 	#NBMin
9F31 81 61           32. 	CMPA 	#$61
9F33 2D D8           33. 	BLT 	Bcl
9F35 81 7B           34. 	CMPA 	#$7B
9F37 2D 02           35. 	BLT 	modCompteur
                     36. 	
9F39 20 D2           37. 	BRA 	Bcl
                     38. 
9F3B E6 A4           39. modCompteur	LDB ,y
9F3D 5C              40. 		INCB
9F3E E7 A4           41. 		STB ,y
9F40 20 CB           42. 		BRA Bcl
                     43. 
                     44. *localisation et initialisation du message
9FC0                 45. 	ORG $9FC0
9FC0 47 6F 6F 64 20  46. msg   FCB 'G','o','o','d',$20,'M','o','r','n','i','n','g',$20,'E','N','S','I','M',$20,'2','0','2','0',$00
          4D 6F 72 6E 69
          6E 67 20 45 4E
          53 49 4D 20 32
          30 32 30 00
                     47. *msg FCB $10,$20,$30,$31,$32,$00--> autre possibilité msie en commentaire
                     48. 
9FD8 12              49. FIN NOP

--	SYMBOL TABLE:
--	VALUE	SYMBOL 
	9F0D	Bcl
	A012	NBChiffre
	9FC0	msg
	9F3B	modCompteur
	A010	NBMaj
	A011	NBMin
	9FD8	FIN